[q1] Q1-02_原始文本长度字母值图: OK
[q1] Q1-08_抽样与扩展质量QQ检验: OK
[q1] Q1-09_七域质量区间: OK
[q1] Q1-10_质量冲突相平面: OK
[q1] Q1-11_冲突消解评分修正: OK
[q1] Q1-13_跨体系映射双层区间: OK
[q1] Q1-17_模型选择Pareto前沿: OK
[q1] Q1-19_跨规模配方秩验证: OK
[q1] Q1-20_跨规模绝对误差校准: OK
[q1] Q1-23_局部配比收益与不确定性: OK
[q1] Q1-25_经验支持域内三元响应切片: OK
[q1] Q1-27_零膨胀近优配比族: OK
[q1] Q1-28_多起点近优解簇: OK
[q1] Q1-05_质量指标相关结构: OK
[q1] Q1-06_语义块与质量指标权重: OK
[q1] Q1-07_七域质量云雨分布: OK
[q1] Q1-15_训练配方组成条码: OK
[q1] Q1-16_领域覆盖与份额集中度: OK
[q1] Q1-18_正则化路径: OK
[q1] Q1-22_稳定领域交互网络: OK
[q2] Q2-01_证据覆盖地图: OK
[q2] Q2-04_幂律数据坍缩: OK
[q2] Q2-10_质量模型分块选择: OK
[q2] Q2-14_质量惩罚条件区间: OK
[q2] Q2-19_领域互补矩阵: OK
[q2] Q2-23_等损失资源替代: OK
[q2] Q2-26_质量提升有限等价量: OK
[q2] Q2-27_配比接口下界缺口: OK
[q2] Q2-03_原始训练曲线族: OK
[q2] Q2-06_经典参数联合分布: OK
[q2] Q2-08_外部误差结构诊断: OK
[q2] Q2-09_质量增量响应矩阵: OK
[q2] Q2-12_离散质量条件分布: OK
[q2] Q2-13_分块残差云雨分布: OK
[q2] Q2-15_质量响应方向冲突: OK
[q2] Q2-16_截断地板边界: OK
[q2] Q2-18_配比响应跨规模路径: OK
[q2] Q2-21_近优配比响应不确定性: OK
[q2] Q2-24_资源弹性组成: OK
[q2] Q2-25_资源改进方向场: OK
[q3] Q3-03_注意力成本临界: OK
[q3] Q3-05_等预算损失地形: OK
[q3] Q3-07_最优配置路径: OK
[q3] Q3-08_预算组成路径: OK
[q3] Q3-10_三档配置不确定性: OK
[q3] Q3-11_上下文损失惩罚: OK
[q3] Q3-12_提质收益配对: OK
[q3] Q3-14_质量边界点质量: OK
[q3] Q3-15_资源配置联合分布: OK
[q3] Q3-17_结构转移双区间: OK
[q3] Q3-18_质量约束状态: OK
[q3] Q3-21_关键假设敏感性: OK
[q3] Q3-23_领域Token配额: OK
[q3] Q3-25_严格域求解状态: OK
[q3] Q3-26_边际资源竞争: OK
[q3] Q3-01_C7上下文分布: OK
[q3] Q3-02_质量提升成本曲线: OK
[q3] Q3-04_严格域可行预算边界: OK
[q3] Q3-06_近优配置剖面: OK
[q3] Q3-20_质量启动与饱和配对: OK
[q4] Q4-04_训练算力与能力前沿: OK
[q4] Q4-06_BBH复现误差分布: OK
[q4] Q4-10_Loss与综合能力桥接: OK
[q4] Q4-16_桥接不确定性来源: OK
[q4] Q4-18_规模与非规模贡献分布: OK
[q4] Q4-22_增速放缓情景前沿: OK
[q4] Q4-01_开源证据交集: OK
[q4] Q4-02_时间与证据覆盖: OK
[q4] Q4-03_模型类型分位分布: OK
[q4] Q4-07_BBH聚合一致性: OK
[q4] Q4-08_任务随机下界校正: OK
[q4] Q4-09_家族任务能力指纹: OK
[q4] Q4-11_七目标桥接模型选择: OK
[q4] Q4-12_留家族误差结构: OK
[q4] Q4-13_桥接区间覆盖率: OK
[q4] Q4-14_最优Loss到能力映射: OK
[q4] Q4-15_能力映射证据地图: OK
[q4] Q4-20_历史方向留族敏感性: OK
[q4] Q4-21_月度算力前沿趋势: OK
[q4] Q4-23_算力减速的配对代价: OK
Rebuilt 80; changed PNG hashes: 15
